#-----------------------------------------------------------
# Vivado v2019.2 (64-bit)
# SW Build 2708876 on Wed Nov  6 21:40:23 MST 2019
# IP Build 2700528 on Thu Nov  7 00:09:20 MST 2019
# Start of session at: Sat Apr 22 15:33:28 2023
# Process ID: 3084
# Current directory: F:/NSCSCC/PUA-MIPS/vivado/CPU_CDE_SRAM/mycpu_sram_verify/run_vivado/mycpu_prj1
# Command line: vivado.exe -gui_launcher_event rodinguilauncherevent25704 F:\NSCSCC\PUA-MIPS\vivado\CPU_CDE_SRAM\mycpu_sram_verify\run_vivado\mycpu_prj1\mycpu.xpr
# Log file: F:/NSCSCC/PUA-MIPS/vivado/CPU_CDE_SRAM/mycpu_sram_verify/run_vivado/mycpu_prj1/vivado.log
# Journal file: F:/NSCSCC/PUA-MIPS/vivado/CPU_CDE_SRAM/mycpu_sram_verify/run_vivado/mycpu_prj1\vivado.jou
#-----------------------------------------------------------
start_gui
open_project F:/NSCSCC/PUA-MIPS/vivado/CPU_CDE_SRAM/mycpu_sram_verify/run_vivado/mycpu_prj1/mycpu.xpr
update_compile_order -fileset sources_1
launch_simulation
source tb_top.tcl
create_wave_config; add_wave /; set_property needs_save false [current_wave_config]
run 10 us
run 10 us
run 10 us
run 1 ms
restart
load_feature simulator
open_wave_database {F:/NSCSCC/PUA-MIPS/vivado/CPU_CDE_SRAM/mycpu_sram_verify/run_vivado/mycpu_prj1/mycpu.sim/sim_1/behav/xsim/tb_top_behav.wdb}
open_wave_config {F:/NSCSCC/func_test_v0.01/soc_sram_func/run_vivado/mycpu_prj1/tb_top.wcfg}
close_sim
close_sim
